
> porker-memo@0.0.0 test
> vitest src/components/tournament/TournamentForm.test.tsx


[1m[44m DEV [49m[22m [34mv4.0.16 [39m[90mC:/Users/meteo/Documents/GitHub/porker_memo[39m

 [31m笶ｯ[39m src/components/tournament/TournamentForm.test.tsx [2m([22m[2m3 tests[22m[2m | [22m[31m1 failed[39m[2m)[22m[33m 1402[2mms[22m[39m
     [32m笨・[39m renders all fields[32m 133[2mms[22m[39m
[31m     [31mﾃ・[31m submits valid data[39m[33m 1246[2mms[22m[39m
     [32m笨・[39m shows validation error for empty name[32m 21[2mms[22m[39m
node.exe : 
発生場所 C:\Program Files\nodejs\npm.ps1:29 文字:3
+   & $NODE_EXE $NPM_CLI_JS $args
+   ~~~~~~~~~~~~~~~~~~~~~~~~~~~~~
    + CategoryInfo          : NotSpecified: (:String) [], RemoteException
    + FullyQualifiedErrorId : NativeCommandError
 
[31m竡ｯ竡ｯ竡ｯ竡ｯ竡ｯ竡ｯ竡ｯ[39m[1m[41m Failed Tests 1 [49m[22m[31m竡ｯ竡ｯ竡ｯ竡ｯ竡ｯ竡ｯ竡ｯ[39m

[41m[1m FAIL [22m[49m src/components/tournament/TournamentForm.test.tsx[2m > [22mTour
namentForm[2m > [22msubmits valid data
[31m[1mAssertionError[22m[39m: expected "vi.fn()" to be called with arguments: [ { name
: 'Test Tournament', 窶ｦ(3) } ][90m

Received: 

[1m  1st vi.fn() call:

[22m[33m@@ -3,6 +3,113 @@[90m
[2m      "bb": 200,[22m
[2m      "name": "Test Tournament",[22m
[2m      "sb": 100,[22m
[2m      "startChips": 10000,[22m
[2m    },[22m
[31m+   SyntheticBaseEvent {[90m
[31m+     "_reactName": "onSubmit",[90m
[31m+     "_targetInst": null,[90m
[31m+     "bubbles": true,[90m
[31m+     "cancelable": true,[90m
[31m+     "currentTarget": null,[90m
[31m+     "defaultPrevented": true,[90m
[31m+     "eventPhase": 3,[90m
[31m+     "isDefaultPrevented": [Function functionThatReturnsTrue],[90m
[31m+     "isPropagationStopped": [Function functionThatReturnsFalse],[90m
[31m+     "isTrusted": true,[90m
[31m+     "nativeEvent": SubmitEvent {[90m
[31m+       "isTrusted": true,[90m
[31m+     },[90m
[31m+     "target": <form[90m
[31m+       class="space-y-4"[90m
[31m+     >[90m
[31m+       <div[90m
[31m+         class="space-y-2"[90m
[31m+       >[90m
[31m+         <label[90m
[31m+           class="text-sm font-medium leading-none peer-disabled:cursor-not-allowed p
eer-disabled:opacity-70"[90m
[31m+           for=":r4:-form-item"[90m
[31m+         >[90m
[31m+           繝医・繝翫Γ繝ｳ繝亥錐[90m
[31m+         </label>[90m
[31m+         <input[90m
[31m+           aria-describedby=":r4:-form-item-description"[90m
[31m+           aria-invalid="false"[90m
[31m+           class="flex h-10 w-full rounded-md border border-input bg-background px-3 
py-2 text-base ring-offset-background file:border-0 file:bg-transparent file:text-sm file:f
ont-medium file:text-foreground placeholder:text-muted-foreground focus-visible:outline-non
e focus-visible:ring-2 focus-visible:ring-ring focus-visible:ring-offset-2 disabled:cursor-
not-allowed disabled:opacity-50 md:text-sm"[90m
[31m+           id=":r4:-form-item"[90m
[31m+           name="name"[90m
[31m+           placeholder="萓・ House Tournament"[90m
[31m+           value="Test Tournament"[90m
[31m+         />[90m
[31m+       </div>[90m
[31m+       <div[90m
[31m+         class="space-y-2"[90m
[31m+       >[90m
[31m+         <label[90m
[31m+           class="text-sm font-medium leading-none peer-disabled:cursor-not-allowed p
eer-disabled:opacity-70"[90m
[31m+           for=":r5:-form-item"[90m
[31m+         >[90m
[31m+           髢句ｧ九メ繝・・驥・[90m
[31m+         </label>[90m
[31m+         <input[90m
[31m+           aria-describedby=":r5:-form-item-description"[90m
[31m+           aria-invalid="false"[90m
[31m+           class="flex h-10 w-full rounded-md border border-input bg-background px-3 
py-2 text-base ring-offset-background file:border-0 file:bg-transparent file:text-sm file:f
ont-medium file:text-foreground placeholder:text-muted-foreground focus-visible:outline-non
e focus-visible:ring-2 focus-visible:ring-ring focus-visible:ring-offset-2 disabled:cursor-
not-allowed disabled:opacity-50 md:text-sm"[90m
[31m+           id=":r5:-form-item"[90m
[31m+           name="startChips"[90m
[31m+           type="number"[90m
[31m+           value="10000"[90m
[31m+         />[90m
[31m+       </div>[90m
[31m+       <div[90m
[31m+         class="flex gap-4"[90m
[31m+       >[90m
[31m+         <div[90m
[31m+           class="space-y-2 flex-1"[90m
[31m+         >[90m
[31m+           <label[90m
[31m+             class="text-sm font-medium leading-none peer-disabled:cursor-not-allowed
 peer-disabled:opacity-70"[90m
[31m+             for=":r6:-form-item"[90m
[31m+           >[90m
[31m+             蛻晄悄SB[90m
[31m+           </label>[90m
[31m+           <input[90m
[31m+             aria-describedby=":r6:-form-item-description"[90m
[31m+             aria-invalid="false"[90m
[31m+             class="flex h-10 w-full rounded-md border border-input bg-background px-
3 py-2 text-base ring-offset-background file:border-0 file:bg-transparent file:text-sm file
:font-medium file:text-foreground placeholder:text-muted-foreground focus-visible:outline-n
one focus-visible:ring-2 focus-visible:ring-ring focus-visible:ring-offset-2 disabled:curso
r-not-allowed disabled:opacity-50 md:text-sm"[90m
[31m+             id=":r6:-form-item"[90m
[31m+             name="sb"[90m
[31m+             type="number"[90m
[31m+             value="100"[90m
[31m+           />[90m
[31m+         </div>[90m
[31m+         <div[90m
[31m+           class="space-y-2 flex-1"[90m
[31m+         >[90m
[31m+           <label[90m
[31m+             class="text-sm font-medium leading-none peer-disabled:cursor-not-allowed
 peer-disabled:opacity-70"[90m
[31m+             for=":r7:-form-item"[90m
[31m+           >[90m
[31m+             蛻晄悄BB[90m
[31m+           </label>[90m
[31m+           <input[90m
[31m+             aria-describedby=":r7:-form-item-description"[90m
[31m+             aria-invalid="false"[90m
[31m+             class="flex h-10 w-full rounded-md border border-input bg-background px-
3 py-2 text-base ring-offset-background file:border-0 file:bg-transparent file:text-sm file
:font-medium file:text-foreground placeholder:text-muted-foreground focus-visible:outline-n
one focus-visible:ring-2 focus-visible:ring-ring focus-visible:ring-offset-2 disabled:curso
r-not-allowed disabled:opacity-50 md:text-sm"[90m
[31m+             id=":r7:-form-item"[90m
[31m+             name="bb"[90m
[31m+             type="number"[90m
[31m+             value="200"[90m
[31m+           />[90m
[31m+         </div>[90m
[31m+       </div>[90m
[31m+       <button[90m
[31m+         class="inline-flex items-center justify-center gap-2 whitespace-nowrap round
ed-md text-sm font-medium ring-offset-background transition-colors focus-visible:outline-no
ne focus-visible:ring-2 focus-visible:ring-ring focus-visible:ring-offset-2 disabled:pointe
r-events-none disabled:opacity-50 [&_svg]:pointer-events-none [&_svg]:size-4 [&_svg]:shrink
-0 bg-primary text-primary-foreground hover:bg-primary/90 h-10 px-4 py-2 w-full"[90m
[31m+         type="submit"[90m
[31m+       >[90m
[31m+         菴懈・[90m
[31m+       </button>[90m
[31m+     </form>,[90m
[31m+     "timeStamp": 1768064425870,[90m
[31m+     "type": "submit",[90m
[31m+   },[90m
[2m  ][22m
[39m[90m

Number of calls: [1m1[22m
[39m

Ignored nodes: comments, script, style
[36m<html>[39m
  [36m<head />[39m
  [36m<body>[39m
    [36m<div>[39m
      [36m<form[39m
        [33mclass[39m=[32m"space-y-4"[39m
      [36m>[39m
        [36m<div[39m
          [33mclass[39m=[32m"space-y-2"[39m
        [36m>[39m
          [36m<label[39m
            [33mclass[39m=[32m"text-sm font-medium leading-none peer-disabled:cursor-not
-allowed peer-disabled:opacity-70"[39m
            [33mfor[39m=[32m":r4:-form-item"[39m
          [36m>[39m
            [0m繝医・繝翫Γ繝ｳ繝亥錐[0m
          [36m</label>[39m
          [36m<input[39m
            [33maria-describedby[39m=[32m":r4:-form-item-description"[39m
            [33maria-invalid[39m=[32m"false"[39m
            [33mclass[39m=[32m"flex h-10 w-full rounded-md border border-input bg-backgr
ound px-3 py-2 text-base ring-offset-background file:border-0 file:bg-transparent file:text
-sm file:font-medium file:text-foreground placeholder:text-muted-foreground focus-visible:o
utline-none focus-visible:ring-2 focus-visible:ring-ring focus-visible:ring-offset-2 disabl
ed:cursor-not-allowed disabled:opacity-50 md:text-sm"[39m
            [33mid[39m=[32m":r4:-form-item"[39m
            [33mname[39m=[32m"name"[39m
            [33mplaceholder[39m=[32m"萓・ House Tournament"[39m
            [33mvalue[39m=[32m"Test Tournament"[39m
          [36m/>[39m
        [36m</div>[39m
        [36m<div[39m
          [33mclass[39m=[32m"space-y-2"[39m
        [36m>[39m
          [36m<label[39m
            [33mclass[39m=[32m"text-sm font-medium leading-none peer-disabled:cursor-not
-allowed peer-disabled:opacity-70"[39m
            [33mfor[39m=[32m":r5:-form-item"[39m
          [36m>[39m
            [0m髢句ｧ九メ繝・・驥・[0m
          [36m</label>[39m
          [36m<input[39m
            [33maria-describedby[39m=[32m":r5:-form-item-description"[39m
            [33maria-invalid[39m=[32m"false"[39m
            [33mclass[39m=[32m"flex h-10 w-full rounded-md border border-input bg-backgr
ound px-3 py-2 text-base ring-offset-background file:border-0 file:bg-transparent file:text
-sm file:font-medium file:text-foreground placeholder:text-muted-foreground focus-visible:o
utline-none focus-visible:ring-2 focus-visible:ring-ring focus-visible:ring-offset-2 disabl
ed:cursor-not-allowed disabled:opacity-50 md:text-sm"[39m
            [33mid[39m=[32m":r5:-form-item"[39m
            [33mname[39m=[32m"startChips"[39m
            [33mtype[39m=[32m"number"[39m
            [33mvalue[39m=[32m"10000"[39m
          [36m/>[39m
        [36m</div>[39m
        [36m<div[39m
          [33mclass[39m=[32m"flex gap-4"[39m
        [36m>[39m
          [36m<div[39m
            [33mclass[39m=[32m"space-y-2 flex-1"[39m
          [36m>[39m
            [36m<label[39m
              [33mclass[39m=[32m"text-sm font-medium leading-none peer-disabled:cursor-n
ot-allowed peer-disabled:opacity-70"[39m
              [33mfor[39m=[32m":r6:-form-item"[39m
            [36m>[39m
              [0m蛻晄悄SB[0m
            [36m</label>[39m
            [36m<input[39m
              [33maria-describedby[39m=[32m":r6:-form-item-description"[39m
              [33maria-invalid[39m=[32m"false"[39m
              [33mclass[39m=[32m"flex h-10 w-full rounded-md border border-input bg-back
ground px-3 py-2 text-base ring-offset-background file:border-0 file:bg-transparent file:te
xt-sm file:font-medium file:text-foreground placeholder:text-muted-foreground focus-visible
:outline-none focus-visible:ring-2 focus-visible:ring-ring focus-visible:ring-offset-2 disa
bled:cursor-not-allowed disabled:opacity-50 md:text-sm"[39m
              [33mid[39m=[32m":r6:-form-item"[39m
              [33mname[39m=[32m"sb"[39m
              [33mtype[39m=[32m"number"[39m
              [33mvalue[39m=[32m"100"[39m
            [36m/>[39m
          [36m</div>[39m
          [36m<div[39m
            [33mclass[39m=[32m"space-y-2 flex-1"[39m
          [36m>[39m
            [36m<label[39m
              [33mclass[39m=[32m"text-sm font-medium leading-none peer-disabled:cursor-n
ot-allowed peer-disabled:opacity-70"[39m
              [33mfor[39m=[32m":r7:-form-item"[39m
            [36m>[39m
              [0m蛻晄悄BB[0m
            [36m</label>[39m
            [36m<input[39m
              [33maria-describedby[39m=[32m":r7:-form-item-description"[39m
              [33maria-invalid[39m=[32m"false"[39m
              [33mclass[39m=[32m"flex h-10 w-full rounded-md border border-input bg-back
ground px-3 py-2 text-base ring-offset-background file:border-0 file:bg-transparent file:te
xt-sm file:font-medium file:text-foreground placeholder:text-muted-foreground focus-visible
:outline-none focus-visible:ring-2 focus-visible:ring-ring focus-visible:ring-offset-2 disa
bled:cursor-not-allowed disabled:opacity-50 md:text-sm"[39m
              [33mid[39m=[32m":r7:-form-item"[39m
              [33mname[39m=[32m"bb"[39m
              [33mtype[39m=[32m"number"[39m
              [33mvalue[39m=[32m"200"[39m
            [36m/>[39m
          [36m</div>[39m
        [36m</div>[39m
        [36m<button[39m
          [33mclass[39m=[32m"inline-flex items-center justify-center gap-2 whitespace-no
wrap rounded-md text-sm font-medium ring-offset-background transition-colors focus-visible:
outline-none focus-visible:ring-2 focus-visible:ring-ring focus-visible:ring-offset-2 disab
led:pointer-events-none disabled:opacity-50 [&_svg]:pointer-events-none [&_svg]:size-4 [&_s
vg]:shrink-0 bg-primary text-primary-foreground hover:bg-primary/90 h-10 px-4 py-2 w-full"
[39m
          [33mtype[39m=[32m"submit"[39m
        [36m>[39m
          [0m菴懈・[0m
        [36m</button>[39m
      [36m</form>[39m
    [36m</div>[39m
  [36m</body>[39m
[36m</html>[39m
[36m [2m笶ｯ[22m src/components/tournament/TournamentForm.test.tsx:[2m43:30[22m[39m
    [90m 41| [39m
    [90m 42| [39m        [35mawait[39m [34mwaitFor[39m(() [33m=>[39m {
    [90m 43| [39m            [34mexpect[39m(onSubmit)[33m.[39m[34mtoHaveBeenCalledWi
th[39m({
    [90m   | [39m                             [31m^[39m
    [90m 44| [39m                name[33m:[39m [32m'Test Tournament'[39m[33m,[39m
    [90m 45| [39m                startChips[33m:[39m [34m10000[39m[33m,[39m
[90m [2m笶ｯ[22m runWithExpensiveErrorDiagnosticsDisabled node_modules/@testing-library/do
m/dist/config.js:[2m47:12[22m[39m
[90m [2m笶ｯ[22m checkCallback node_modules/@testing-library/dom/dist/wait-for.js:[2m124:
77[22m[39m
[90m [2m笶ｯ[22m Timeout.checkRealTimersCallback node_modules/@testing-library/dom/dist/wa
it-for.js:[2m118:16[22m[39m

[31m[2m竡ｯ竡ｯ竡ｯ竡ｯ竡ｯ竡ｯ竡ｯ竡ｯ竡ｯ竡ｯ竡ｯ竡ｯ竡ｯ竡ｯ竡ｯ竡ｯ竡ｯ竡ｯ竡ｯ竡ｯ竡ｯ竡ｯ竡ｯ竡ｯ[1/1]竡ｯ[22m[39m


[2m Test Files [22m [1m[31m1 failed[39m[22m[90m (1)[39m
[2m      Tests [22m [1m[31m1 failed[39m[22m[2m | [22m[1m[32m2 passed[39m[22m[90m (3)[39m
[2m   Start at [22m 02:00:23
[2m   Duration [22m 3.10s[2m (transform 131ms, setup 184ms, import 376ms, tests 1.40s, environment 913ms)[22m

[1m[41m FAIL [49m[22m [31mTests failed. Watching for file changes...[39m
       [2mpress [22m[1mh[22m[2m to show help[22m[2m, [22m[2mpress [22m[1mq[22m[2m to quit[22m
c[3J[1m[44m RERUN [49m[22m [34m[2msrc/components/tournament/TournamentForm.test.tsx [22m[34mx1 [34m[39m
       [2m Filename pattern: [22m[34msrc/components/tournament/TournamentForm.test.tsx[39m

 [32m笨・[39m src/components/tournament/TournamentForm.test.tsx [2m([22m[2m3 tests[22m[2m)[22m[33m 405[2mms[22m[39m

[2m Test Files [22m [1m[32m1 passed[39m[22m[90m (1)[39m
[2m      Tests [22m [1m[32m3 passed[39m[22m[90m (3)[39m
[2m   Start at [22m 02:04:32
[2m   Duration [22m 827ms

[1m[42m PASS [49m[22m [32mWaiting for file changes...[39m
       [2mpress [22m[1mh[22m[2m to show help[22m[2m, [22m[2mpress [22m[1mq[22m[2m to quit[22m
^C
